/2008/03/getting-my-feet-wet.html /2008/03/30/getting-my-feet-wet/
/2008/03/printing-from-network.html /2008/03/30/printing-from-network/
/2008/03/vista-sp1-and-intel-gma-blue-screen-crash.html /2008/03/30/vista-sp1-and-intel-gma-blue-screen-crash/
/2008/03/vista-sp1-and-intel-gma-blue-screen.html /2008/03/30/vista-sp1-and-intel-gma-blue-screen-crash/
/2008/04/abit-f-i90hd-motherboard.html /2008/04/01/abit-f-i90hd-motherboard/
/2008/04/antec-veris-fusion-black-htpc-case.html /2008/04/01/antec-veris-fusion-black-htpc-case/
/2008/04/getting-vista-to-go-to-sleep.html /2008/04/13/getting-vista-to-go-to-sleep/
/2008/04/installing-vista-sp1-with-oem-key.html /2008/04/11/installing-vista-sp1-with-oem-key/
/2008/04/intel-dg33tl-motherboard.html /2008/04/01/intel-dg33tl-motherboard/
/2008/04/microsoft-expression-media-iview-media-pro-to-adobe-photoshop-lightroom-converter.html /2008/04/01/microsoft-expression-media-iview-media-pro-to-adobe-photoshop-lightroom-converter/
/2008/04/microsoft-expression-media-iview-media.html /2008/04/01/microsoft-expression-media-iview-media-pro-to-adobe-photoshop-lightroom-converter/
/2008/04/philips-digital-photo-frame.html /2008/04/01/philips-digital-photo-frame/
/2008/05/81.html /2008/05/24/81/
/2008/05/asus-p5e-vm-hdmi-motherboard.html /2008/05/16/asus-p5e-vm-hdmi-motherboard/
/2009/01/google-email-uploader-on-vista-x64.html /2009/01/09/google-email-uploader-on-vista-x64/
/2009/02/dxo-optics-pro-and-adobe-lightroom-on-vista-x64.html /2009/02/11/dxo-optics-pro-and-adobe-lightroom-on-vista-x64/
/2009/02/dxo-optics-pro-and-adobe-lightroom-on.html /2009/02/11/dxo-optics-pro-and-adobe-lightroom-on-vista-x64/
/2009/04/2008-vw-touareg-tire-pressure.html /2009/04/10/2008-vw-touareg-tire-pressure/
/2009/04/archived-content-and-templates.html /2009/04/10/archived-content-and-templates/
/2009/04/broken-symbol-proxy.html /2009/04/09/broken-symbol-proxy/
/2009/05/how-to-install-sql-server-2008-on-windows-server-2008-r2-rc.html /2009/05/14/how-to-install-sql-server-2008-on-windows-server-2008-r2-rc/
/2009/05/how-to-install-sql-server-2008-on.html /2009/05/14/how-to-install-sql-server-2008-on-windows-server-2008-r2-rc/
/2009/06/amazon-unbox-on-x64-vista.html /2009/06/13/amazon-unbox-on-x64-vista/
/2009/06/dell-2408wfp-and-spyder-3-elite.html /2009/06/14/dell-2408wfp-and-spyder-3-elite/
/2009/06/power-saving-sata-raid-controller.html /2009/06/12/power-saving-sata-raid-controller/
/2009/07/dell-2408wfp-loosing-settings-on-power-cycle.html /2009/07/05/dell-2408wfp-loosing-settings-on-power-cycle/
/2009/07/dell-2408wfp-loosing-settings-on-power.html /2009/07/05/dell-2408wfp-loosing-settings-on-power-cycle/
/2009/07/power-saving-raid-controller-continued.html /2009/07/17/power-saving-raid-controller-continued/
/2009/09/western-digital-re4-gp-2tb-drive.html /2009/09/21/western-digital-re4-gp-2tb-drive/
/2009/10/hitachi-a7k2000-and-seagate-barracude.html /2009/10/11/hitachi-a7k2000-and-seagate-barracude/
/2009/12/drobopro-impressions.html /2009/12/23/drobopro-impressions/
/2010/01/data-robotics-drobopro-vs-qnap-ts-859-pro.html /2010/01/30/data-robotics-drobopro-vs-qnap-ts-859-pro/
/2010/01/data-robotics-drobopro-vs-qnap-ts-859.html /2010/01/30/data-robotics-drobopro-vs-qnap-ts-859-pro/
/2010/01/intel-dp45sg-and-lian-li-pc-c33b-htpc.html /2010/01/03/intel-dp45sg-and-lian-li-pc-c33b-htpc/
/2010/01/nec-multisync-lcd2490wuxi2-and-lcd2690wuxi2.html /2010/01/30/nec-multisync-lcd2490wuxi2-and-lcd2690wuxi2/
/2010/01/nec-multisync-lcd2490wuxi2-and.html /2010/01/30/nec-multisync-lcd2490wuxi2-and-lcd2690wuxi2/
/2010/05/zotac-xboxhd-id11-mkv-h264-video.html /2010/05/28/zotac-xboxhd-id11-mkv-h264-video/
/2010/05/zotac-zbhoxhd-id11-case-positioning-impact-on-fan-noise.html /2010/05/27/zotac-zbhoxhd-id11-case-positioning-impact-on-fan-noise/
/2010/05/zotac-zbhoxhd-id11-case-positioning.html /2010/05/27/zotac-zbhoxhd-id11-case-positioning-impact-on-fan-noise/
/2010/05/zotac-zbox-mini-pc-zboxhd-id11.html /2010/05/26/zotac-zbox-mini-pc-zboxhd-id11/
/2010/05/zotac-zboxhd-id11-4gb-ram.html /2010/05/18/zotac-zboxhd-id11-4gb-ram/
/2010/05/zotac-zboxhd-id11-beta-bios-reduces-fan-speed-and-noise.html /2010/05/26/zotac-zboxhd-id11-beta-bios-reduces-fan-speed-and-noise/
/2010/05/zotac-zboxhd-id11-beta-bios-reduces-fan.html /2010/05/26/zotac-zboxhd-id11-beta-bios-reduces-fan-speed-and-noise/
/2010/05/zotac-zboxhd-id11-fan-speed-and-noise.html /2010/05/18/zotac-zboxhd-id11-fan-speed-and-noise/
/2010/05/zotac-zboxhd-id11-first-impressions.html /2010/05/14/zotac-zboxhd-id11-first-impressions/
/2010/07/ncp-vpn-not-quite-windows-7-compatible.html /2010/07/21/ncp-vpn-not-quite-windows-7-compatible/
/2010/12/trend-micro-safesync-neat-but-unreliable.html /2010/12/31/trend-micro-safesync-neat-but-unreliable/
/2010/12/will-your-online-backup-or-sync-and-share-provider-survive.html /2010/12/31/will-your-online-backup-or-sync-and-share-provider-survive/
/2010/12/will-your-online-backup-or-sync-and.html /2010/12/31/will-your-online-backup-or-sync-and-share-provider-survive/
/2011/01/delete-are-you-sure-yes-oh-oh.html /2011/01/03/delete-are-you-sure-yes-oh-oh/
/2011/04/archiving-my-cd-dvd-and-bd-collection.html /2011/04/22/archiving-my-cd-dvd-and-bd-collection/
/2011/04/unlimited-online-backup-providers.html /2011/04/12/unlimited-online-backup-providers/
/2011/07/synology-ds1511-vs-qnap-ts-859-pro-iscsi-mpio-performance.html /2011/07/06/synology-ds1511-vs-qnap-ts-859-pro-iscsi-mpio-performance/
/2011/07/synology-ds1511-vs-qnap-ts-859-pro-iscsi.html /2011/07/06/synology-ds1511-vs-qnap-ts-859-pro-iscsi-mpio-performance/
/2011/07/synology-ds2411-performance-review.html /2011/07/21/synology-ds2411-performance-review/
/2011/12/iomega-tv-with-boxee-vs-d-link-boxee.html /2011/12/31/iomega-tv-with-boxee-vs-d-link-boxee/
/2011/12/rotation-confuses-face-recognition.html /2011/12/13/rotation-confuses-face-recognition/
/2012/06/blogger-dynamic-templates.html /2012/06/07/blogger-dynamic-templates/
/2012/06/looks-can-be-deceiving.html /2012/06/19/looks-can-be-deceiving/
