3dprint /tag/3dprint/
3ware /tag/3ware/
Abit /tag/abit/
Adaptec /tag/adaptec/
Alarm /tag/alarm/
Amazon /tag/amazon/
Android /tag/android/
Antec /tag/antec/
Apc /tag/apc/
Areca /tag/areca/
Asus /tag/asus/
Ati /tag/ati/
Avg /tag/avg/
Backblaze /tag/backblaze/
Backup /category/backup/
Bios /tag/bios/
Bitcoin /tag/bitcoin/
Blogger /tag/blogger/
Bluehost /tag/bluehost/
Bluray /tag/bluray/
Boxee /tag/boxee/
Calibration /tag/calibration/
Carbonite /tag/carbonite/
Chenbro /tag/chenbro/
Circle /tag/circle/
Cloud /category/cloud/
Cloudflare /tag/cloudflare/
Codec /tag/codec/
Collectorz /tag/collectorz/
Coreavc /tag/coreavc/
Crash /tag/crash/
Crashplan /tag/crashplan/
Datarobotics /tag/datarobotics/
Dbpoweramp /tag/dbpoweramp/
Dell /tag/dell/
Dlink /tag/dlink/
Dns /tag/dns/
Docker /tag/docker/
Dreamhost /tag/dreamhost/
Driver /tag/driver/
Drobopro /tag/drobopro/
Dropbox /tag/dropbox/
Dvr /tag/dvr/
Dxo /tag/dxo/
Ecobee /tag/ecobee/
Elephantdrive /tag/elephantdrive/
Enom /tag/enom/
Esphome /tag/esphome/
Expressionmedia /tag/expressionmedia/
Facerecognition /tag/facerecognition/
Fan /tag/fan/
Fastpictureviewer /tag/fastpictureviewer/
Ffdshow /tag/ffdshow/
Fios /tag/fios/
Firepro /tag/firepro/
Firewalla /tag/firewalla/
Firmware /tag/firmware/
First-alert /tag/first-alert/
Flair /tag/flair/
Flashforge /tag/flashforge/
Fluke /tag/fluke/
Freenas /tag/freenas/
Gmail /tag/gmail/
Google /tag/google/
Greeneye /tag/greeneye/
Hatch /tag/hatch/
Hitachi /tag/hitachi/
Homeassistant /tag/homeassistant/
Homeautomation /category/homeautomation/
Htpc /tag/htpc/
Hvac /tag/hvac/
Hyper-v /tag/hyper-v/
Intel /tag/intel/
Iomega /tag/iomega/
Ion /tag/ion/
Iscsi /tag/iscsi/
Iview /tag/iview/
Koubachi /tag/koubachi/
Led /tag/led/
Lightroom /tag/lightroom/
Liteon /tag/liteon/
Live /tag/live/
Livekive /tag/livekive/
Lsi /tag/lsi/
Lumix /tag/lumix/
Lutron /tag/lutron/
Mediacenter /tag/mediacenter/
Mediamax /tag/mediamax/
Mediaportal /tag/mediaportal/
Memory /tag/memory/
Microsoft /tag/microsoft/
Minipc /tag/minipc/
Mkv /tag/mkv/
Monitor /tag/monitor/
Monoprice /tag/monoprice/
Motherboard /tag/motherboard/
Mozy /tag/mozy/
Mpio /tag/mpio/
Mr16 /tag/mr16/
Nas /tag/nas/
Ncp /tag/ncp/
Nec /tag/nec/
Nest /tag/nest/
Network /category/network/
Nirvanix /tag/nirvanix/
Noise /tag/noise/
Norco /tag/norco/
Nvidia /tag/nvidia/
Nvme /tag/nvme/
Parentalcontrol /tag/parentalcontrol/
Performance /category/performance/
Philips /tag/philips/
Photoframe /tag/photoframe/
Pirelli /tag/pirelli/
Pivos /tag/pivos/
Plextor /tag/plextor/
Pny /tag/pny/
Polarcloud /tag/polarcloud/
Power /category/power/
Problem /category/problem/
Proxmox /tag/proxmox/
Purpleair /tag/purpleair/
Qnap /tag/qnap/
Quadro /tag/quadro/
Raid /tag/raid/
Raspberry-pi /tag/raspberry-pi/
Razer /tag/razer/
Research /category/research/
Review /category/review/
Rgb /tag/rgb/
Rip /tag/rip/
Roamio /tag/roamio/
Robocopy /tag/robocopy/
Safesync /tag/safesync/
Samsung /tag/samsung/
Sansdigital /tag/sansdigital/
Sas /tag/sas/
Sata /tag/sata/
Sce /tag/sce/
Seagate /tag/seagate/
Security /tag/security/
Sense /tag/sense/
Sensor /tag/sensor/
Sleep /tag/sleep/
Smb /tag/smb/
Solution /category/solution/
Soraa /tag/soraa/
Sp1 /tag/sp1/
Spyder /tag/spyder/
Sqlserver /tag/sqlserver/
Ssd /tag/ssd/
Storage /category/storage/
Streamload /tag/streamload/
Supermicro /tag/supermicro/
Symproxy /tag/symproxy/
Synology /tag/synology/
Tasmota /tag/tasmota/
Temperature /tag/temperature/
Template /tag/template/
Thinkpad /tag/thinkpad/
Tires /tag/tires/
Tivo /tag/tivo/
Torchstar /tag/torchstar/
Touareg /tag/touareg/
Traefik /tag/traefik/
Transformer /tag/transformer/
Trendmicro /tag/trendmicro/
Ubiquity /tag/ubiquity/
Ubuntu /tag/ubuntu/
Uncategorized /category/uncategorized/
Unifi /tag/unifi/
Unraid /tag/unraid/
Vantage /tag/vantage/
Voxel /tag/voxel/
Vpn /tag/vpn/
Vw /tag/vw/
W2k19 /tag/w2k19/
Water /tag/water/
Wd /tag/wd/
Weatherunderground /tag/weatherunderground/
Wifi /tag/wifi/
Windbg /tag/windbg/
Windows /tag/windows/
Wmp /tag/wmp/
Wordpress /tag/wordpress/
X64 /tag/x64/
Xbmc /tag/xbmc/
Xclaim /tag/xclaim/
Xlights /tag/xlights/
Zbox /tag/zbox/
Zfs /tag/zfs/
Zotac /tag/zotac/
abit /tag/abit/
adaptec /tag/adaptec/
alarm /tag/alarm/
amazon /tag/amazon/
android /tag/android/
antec /tag/antec/
apc /tag/apc/
areca /tag/areca/
asus /tag/asus/
ati /tag/ati/
avg /tag/avg/
backblaze /tag/backblaze/
backup /category/backup/
bios /tag/bios/
bitcoin /tag/bitcoin/
blogger /tag/blogger/
bluehost /tag/bluehost/
bluray /tag/bluray/
boxee /tag/boxee/
calibration /tag/calibration/
carbonite /tag/carbonite/
chenbro /tag/chenbro/
circle /tag/circle/
cloud /category/cloud/
cloudflare /tag/cloudflare/
codec /tag/codec/
collectorz /tag/collectorz/
coreavc /tag/coreavc/
crash /tag/crash/
crashplan /tag/crashplan/
datarobotics /tag/datarobotics/
dbpoweramp /tag/dbpoweramp/
dell /tag/dell/
dlink /tag/dlink/
dns /tag/dns/
docker /tag/docker/
dreamhost /tag/dreamhost/
driver /tag/driver/
drobopro /tag/drobopro/
dropbox /tag/dropbox/
dvr /tag/dvr/
dxo /tag/dxo/
ecobee /tag/ecobee/
elephantdrive /tag/elephantdrive/
enom /tag/enom/
esphome /tag/esphome/
expressionmedia /tag/expressionmedia/
facerecognition /tag/facerecognition/
fan /tag/fan/
fastpictureviewer /tag/fastpictureviewer/
ffdshow /tag/ffdshow/
fios /tag/fios/
firepro /tag/firepro/
firewalla /tag/firewalla/
firmware /tag/firmware/
first-alert /tag/first-alert/
flair /tag/flair/
flashforge /tag/flashforge/
fluke /tag/fluke/
freenas /tag/freenas/
gmail /tag/gmail/
google /tag/google/
greeneye /tag/greeneye/
hatch /tag/hatch/
hitachi /tag/hitachi/
homeassistant /tag/homeassistant/
homeautomation /category/homeautomation/
htpc /tag/htpc/
hvac /tag/hvac/
hyper-v /tag/hyper-v/
intel /tag/intel/
iomega /tag/iomega/
ion /tag/ion/
iscsi /tag/iscsi/
iview /tag/iview/
koubachi /tag/koubachi/
led /tag/led/
lightroom /tag/lightroom/
liteon /tag/liteon/
live /tag/live/
livekive /tag/livekive/
lsi /tag/lsi/
lumix /tag/lumix/
lutron /tag/lutron/
mediacenter /tag/mediacenter/
mediamax /tag/mediamax/
mediaportal /tag/mediaportal/
memory /tag/memory/
microsoft /tag/microsoft/
minipc /tag/minipc/
mkv /tag/mkv/
monitor /tag/monitor/
monoprice /tag/monoprice/
motherboard /tag/motherboard/
mozy /tag/mozy/
mpio /tag/mpio/
mr16 /tag/mr16/
nas /tag/nas/
ncp /tag/ncp/
nec /tag/nec/
nest /tag/nest/
network /category/network/
nirvanix /tag/nirvanix/
noise /tag/noise/
norco /tag/norco/
nvidia /tag/nvidia/
nvme /tag/nvme/
parentalcontrol /tag/parentalcontrol/
performance /category/performance/
philips /tag/philips/
photoframe /tag/photoframe/
pirelli /tag/pirelli/
pivos /tag/pivos/
plextor /tag/plextor/
pny /tag/pny/
polarcloud /tag/polarcloud/
power /category/power/
problem /category/problem/
proxmox /tag/proxmox/
purpleair /tag/purpleair/
qnap /tag/qnap/
quadro /tag/quadro/
raid /tag/raid/
raspberry-pi /tag/raspberry-pi/
razer /tag/razer/
research /category/research/
review /category/review/
rgb /tag/rgb/
rip /tag/rip/
roamio /tag/roamio/
robocopy /tag/robocopy/
safesync /tag/safesync/
samsung /tag/samsung/
sansdigital /tag/sansdigital/
sas /tag/sas/
sata /tag/sata/
sce /tag/sce/
seagate /tag/seagate/
security /tag/security/
sense /tag/sense/
sensor /tag/sensor/
sleep /tag/sleep/
smb /tag/smb/
solution /category/solution/
soraa /tag/soraa/
sp1 /tag/sp1/
spyder /tag/spyder/
sqlserver /tag/sqlserver/
ssd /tag/ssd/
storage /category/storage/
streamload /tag/streamload/
supermicro /tag/supermicro/
symproxy /tag/symproxy/
synology /tag/synology/
tasmota /tag/tasmota/
temperature /tag/temperature/
template /tag/template/
thinkpad /tag/thinkpad/
tires /tag/tires/
tivo /tag/tivo/
torchstar /tag/torchstar/
touareg /tag/touareg/
traefik /tag/traefik/
transformer /tag/transformer/
trendmicro /tag/trendmicro/
ubiquity /tag/ubiquity/
ubuntu /tag/ubuntu/
uncategorized /category/uncategorized/
unifi /tag/unifi/
unraid /tag/unraid/
vantage /tag/vantage/
voxel /tag/voxel/
vpn /tag/vpn/
vw /tag/vw/
w2k19 /tag/w2k19/
water /tag/water/
wd /tag/wd/
weatherunderground /tag/weatherunderground/
wifi /tag/wifi/
windbg /tag/windbg/
windows /tag/windows/
wmp /tag/wmp/
wordpress /tag/wordpress/
x64 /tag/x64/
xbmc /tag/xbmc/
xclaim /tag/xclaim/
xlights /tag/xlights/
zbox /tag/zbox/
zfs /tag/zfs/
zotac /tag/zotac/
