70 /2008/03/30/getting-my-feet-wet/
71 /2008/03/30/vista-sp1-and-intel-gma-blue-screen-crash/
72 /2008/03/30/printing-from-network/
73 /2008/04/01/philips-digital-photo-frame/
74 /2008/04/01/antec-veris-fusion-black-htpc-case/
75 /2008/04/01/abit-f-i90hd-motherboard/
76 /2008/04/01/microsoft-expression-media-iview-media-pro-to-adobe-photoshop-lightroom-converter/
77 /2008/04/01/intel-dg33tl-motherboard/
78 /2008/04/11/installing-vista-sp1-with-oem-key/
79 /2008/04/13/getting-vista-to-go-to-sleep/
80 /2008/05/16/asus-p5e-vm-hdmi-motherboard/
81 /2008/05/24/81/
82 /2009/01/09/google-email-uploader-on-vista-x64/
83 /2009/02/11/dxo-optics-pro-and-adobe-lightroom-on-vista-x64/
84 /2009/04/09/broken-symbol-proxy/
85 /2009/04/10/archived-content-and-templates/
86 /2009/04/10/2008-vw-touareg-tire-pressure/
87 /2009/05/14/how-to-install-sql-server-2008-on-windows-server-2008-r2-rc/
88 /2009/06/12/power-saving-sata-raid-controller/
89 /2009/06/13/amazon-unbox-on-x64-vista/
90 /2009/06/14/dell-2408wfp-and-spyder-3-elite/
91 /2009/07/05/dell-2408wfp-loosing-settings-on-power-cycle/
92 /2009/07/17/power-saving-raid-controller-continued/
93 /2009/09/21/western-digital-re4-gp-2tb-drive/
94 /2009/10/11/hitachi-a7k2000-and-seagate-barracude/
95 /2009/12/23/drobopro-impressions/
96 /2010/01/03/intel-dp45sg-and-lian-li-pc-c33b-htpc/
97 /2010/01/30/nec-multisync-lcd2490wuxi2-and-lcd2690wuxi2/
98 /2010/01/30/data-robotics-drobopro-vs-qnap-ts-859-pro/
99 /2010/05/14/zotac-zboxhd-id11-first-impressions/
100 /2010/05/18/zotac-zboxhd-id11-fan-speed-and-noise/
102 /2010/05/18/zotac-zboxhd-id11-4gb-ram/
104 /2010/05/26/zotac-zbox-mini-pc-zboxhd-id11/
106 /2010/05/26/zotac-zboxhd-id11-beta-bios-reduces-fan-speed-and-noise/
108 /2010/05/27/zotac-zbhoxhd-id11-case-positioning-impact-on-fan-noise/
109 /2010/05/28/zotac-xboxhd-id11-mkv-h264-video/
110 /2010/07/21/ncp-vpn-not-quite-windows-7-compatible/
111 /2010/12/31/will-your-online-backup-or-sync-and-share-provider-survive/
112 /2010/12/31/trend-micro-safesync-neat-but-unreliable/
114 /2011/01/03/delete-are-you-sure-yes-oh-oh/
116 /2011/04/12/unlimited-online-backup-providers/
118 /2011/04/22/archiving-my-cd-dvd-and-bd-collection/
120 /2011/07/06/synology-ds1511-vs-qnap-ts-859-pro-iscsi-mpio-performance/
121 /2011/07/21/synology-ds2411-performance-review/
122 /2011/12/13/rotation-confuses-face-recognition/
125 /2011/12/31/iomega-tv-with-boxee-vs-d-link-boxee/
128 /2012/06/07/blogger-dynamic-templates/
130 /2012/06/19/looks-can-be-deceiving/
137 /about/
153 /2012/07/15/from-blogger-to-wordpress/
164 /2012/07/15/crashplan-memory-utilization/
175 /2012/07/19/windows-8-and-server-2012-on-supermicro-results-in-acpi_bios_error-bsod/
183 /2012/07/20/debugging-windows-8-install-bsod/
201 /2012/07/22/xbmc-for-android-on-pivos-xios-ds/
207 /2012/07/30/supermicro-beta-bios-supports-windows-8-and-server-2012/
228 /2012/08/05/windows-8-install-hangs-booting-from-lsi-2308-sas-controller/
230 /2012/08/06/windows-8-install-crash-with-nvidia-quadro-5000/
241 /2012/08/06/wordpress-com-404-with-blogger-permalinks/
249 /2012/08/23/windows-8-video_tdr_failure-madness/
263 /2012/09/03/dyslexic-intel-rste-driver/
320 /2012/09/07/koubachi-wi-fi-plant-sensor/
334 /2012/09/08/xbmc-for-linux-on-pivos-xios-ds/
352 /2012/09/22/storage-spaces-leaves-me-empty/
354 /2012/10/22/rip-boxee-box/
357 /2012/11/21/lsi-turns-their-back-on-green/
395 /2012/12/26/xbmc-on-nucs-and-pis/
396 /2013/08/22/panasonic-lumix-wifi-dissapoints/
452 /2013/09/30/tivo-roamio-dvr-vs-verizon-fios-dvr/
473 /2013/11/12/electrical-power-quality/
566 /2014/04/16/self-signed-bitfury-drivers/
576 /2014/10/08/rack-that-server/
599 /2015/01/20/nest-protect-false-alarms/
622 /2015/08/02/mr16-12v-halogen-to-led-retrofit/
664 /2015/09/04/ecobee3-thermostat-with-remote-sensors/
722 /2016/01/30/ecobee3-wifi-connection-troubles/
833 /2016/08/31/amazon-associates-account-closed/
920 /2016/10/14/ups-battery-replacement-turns-into-unrecoverable-firmware-update/
1065 /2016/12/23/circumventing-thinkpads-wifi-card-whitelisting/
1251 /2017/03/28/razer-shoddy-support-and-bad-software-ux/
1522 /2017/04/25/razer-bsod-when-driver-verifier-is-enabled/
1624 /viljoen-family/
1643 /2017/08/22/crashplan-throws-in-the-towel-for-home-users/
1753 /2018/06/30/enom-dynamic-dns-update-problems/
1784 /2018/11/18/purpleair-sensor-installation/
1795 /2019/01/05/monoprice-mp-voxel-3d-printer-setup/
1825 /2019/05/05/moving-from-w2k16-to-unraid/
1844 /2019/05/12/unraid-and-robocopy-problems/
1859 /2019/06/10/unraid-in-production-a-bit-rough-around-the-edges-and-terrible-smb-performance/
1882 /2020/01/10/unraid-repeat-parity-errors-on-reboot/
1909 /2020/01/16/unraid-smb-performance-v6-7-2-vs-v6-8-1/
1929 /2020/01/18/unraid-vs-ubuntu-smb-performance/
1935 /2020/02/02/recovering-the-firmware-on-a-supermicro-bpn-sas3-846el1-backplane/
1986 /2020/02/02/unraid-vs-ubuntu-bare-metal-smb-performance/
1993 /2020/04/25/unraid-user-share-vs-disk-share-smb-performance/
2008 /2020/06/21/moving-from-unraid-to-proxmox-ve/
2116 /2020/08/24/phyn-plus-smart-water-assistant-early-impressions/
2146 /2020/09/10/tuya-to-tasmota-to-esphome/
2154 /2020/09/05/abandoning-greeneye-for-sense/
2261 /2020/10/11/hot-water-recirculation-pump-controller/
2285 /2020/10/22/using-esp-to-debug-an-esp/
2312 /2021/03/15/cooling-an-overheating-mvme-ssd/
2340 /2021/08/09/esp32-water-and-gas-utility-meter/
2357 /2021/08/11/trying-to-keep-my-garage-cool/
2394 /2021/12/21/getting-carried-away-with-rgb-holiday-lights/
2478 /2022/01/17/enom-datacenter-move-borks-dns/
2512 /2022/10/30/installing-flair-smart-vents-to-keep-room-temperatures-balanced/
2630 /2022/10/31/halloween-pumpkins-and-lights/
2666 /2023/03/19/moving-from-unifi-usg-and-circle-to-firewalla/
2689 /2023/03/20/mattos-rgb-trim-permanent-roofline-rgb-pixel-install/
2831 /2024/05/29/yet-another-cloudflare-traefik-lets-encrypt-guide/
