/0259f9ed4a48dc5db5d79abacb44a434/ /2020/09/05/abandoning-greeneye-for-sense/
/12745466_1045375735520663_3467193136644922249_n/ /
/143307140-eeefc383-9f30-433d-9d5c-d68ec2eed91e/ /2021/12/21/getting-carried-away-with-rgb-holiday-lights/
/1_0af03e7d-d6df-4ebd-8ac4-77bf9b8e09d4/ /2021/12/21/getting-carried-away-with-rgb-holiday-lights/
/2015-01-20-12-35-56/ /
/2015-01-20-12-36-12/ /
/2015-01-20-12-37-58/ /
/2015-01-20-12-40-59/ /
/2015-01-20-12-43-08/ /
/2015-01-20-12-43-53/ /
/2015-01-20-12-44-24/ /
/2018-08-19-1/ /2020/09/05/abandoning-greeneye-for-sense/
/2018-08-19/ /2020/09/05/abandoning-greeneye-for-sense/
/20180811_172609507_ios/ /2020/09/05/abandoning-greeneye-for-sense/
/20180811_172632361_ios/ /2020/09/05/abandoning-greeneye-for-sense/
/20180811_172657174_ios/ /2020/09/05/abandoning-greeneye-for-sense/
/20180811_180521052_ios/ /2020/09/05/abandoning-greeneye-for-sense/
/20180811_180528725_ios/ /
/2021-12-20/ /2021/12/21/getting-carried-away-with-rgb-holiday-lights/
/2021-12-21-1/ /2021/12/21/getting-carried-away-with-rgb-holiday-lights/
/2021-12-21-2/ /2021/12/21/getting-carried-away-with-rgb-holiday-lights/
/2021-12-21/ /2021/12/21/getting-carried-away-with-rgb-holiday-lights/
/2022-01-17-1/ /2022/01/17/enom-datacenter-move-borks-dns/
/2022-01-17-2/ /2022/01/17/enom-datacenter-move-borks-dns/
/2022-01-17-3/ /2022/01/17/enom-datacenter-move-borks-dns/
/216054744_510125016863971_5324454141557430823_n_900x/ /2023/03/20/mattos-rgb-trim-permanent-roofline-rgb-pixel-install/
/216871973_486606999103974_31372145320757296_n_1170x1560/ /
/25_1800x1800/ /
/5000cimage_2/ /2020/09/05/abandoning-greeneye-for-sense/
/annotation-2020-09-05-133622/ /2020/09/05/abandoning-greeneye-for-sense/
/annotation-2020-09-05-133649/ /2020/09/05/abandoning-greeneye-for-sense/
/annotation-2020-09-05-133711/ /2020/09/05/abandoning-greeneye-for-sense/
/badrequest/ /2020/09/05/abandoning-greeneye-for-sense/
/cowboypaint512/ /
/cropped-cowboypaint512-jpg/ /
/data/ /2020/09/05/abandoning-greeneye-for-sense/
/elv1_max_halogen/ /2015/08/02/mr16-12v-halogen-to-led-retrofit/
/elv1_max_torchstar/ /2015/08/02/mr16-12v-halogen-to-led-retrofit/
/elv1_med_halogen/ /2015/08/02/mr16-12v-halogen-to-led-retrofit/
/elv1_med_torchstar/ /2015/08/02/mr16-12v-halogen-to-led-retrofit/
/elv1_min_halogen/ /2015/08/02/mr16-12v-halogen-to-led-retrofit/
/elv1_min_torchstar/ /2015/08/02/mr16-12v-halogen-to-led-retrofit/
/elv2_max_halogen/ /2015/08/02/mr16-12v-halogen-to-led-retrofit/
/elv2_max_torchstar/ /2015/08/02/mr16-12v-halogen-to-led-retrofit/
/elv2_med_halogen/ /2015/08/02/mr16-12v-halogen-to-led-retrofit/
/elv2_med_torchstar/ /2015/08/02/mr16-12v-halogen-to-led-retrofit/
/elv2_min_halogen/ /2015/08/02/mr16-12v-halogen-to-led-retrofit/
/elv2_min_torchstar/ /2015/08/02/mr16-12v-halogen-to-led-retrofit/
/elv_max_halogen/ /2015/08/02/mr16-12v-halogen-to-led-retrofit/
/elv_max_resistor/ /2015/08/02/mr16-12v-halogen-to-led-retrofit/
/elv_max_torchstar/ /2015/08/02/mr16-12v-halogen-to-led-retrofit/
/elv_med_halogen/ /2015/08/02/mr16-12v-halogen-to-led-retrofit/
/elv_med_resistor/ /2015/08/02/mr16-12v-halogen-to-led-retrofit/
/elv_med_torchstar/ /2015/08/02/mr16-12v-halogen-to-led-retrofit/
/elv_min_halogen/ /2015/08/02/mr16-12v-halogen-to-led-retrofit/
/elv_min_resistor/ /2015/08/02/mr16-12v-halogen-to-led-retrofit/
/elv_min_torchstar/ /2015/08/02/mr16-12v-halogen-to-led-retrofit/
/energyhub_powerstrip_web/ /2020/09/05/abandoning-greeneye-for-sense/
/fully_loaded_more_side/ /2020/09/05/abandoning-greeneye-for-sense/
/gem_nocover/ /2020/09/05/abandoning-greeneye-for-sense/
/hardwareoffload/ /2020/09/05/abandoning-greeneye-for-sense/
/homebase-front/ /2020/09/05/abandoning-greeneye-for-sense/
/httphttp/ /2020/09/05/abandoning-greeneye-for-sense/
/img_1663-2/ /
/img_1665-2/ /
/img_1665-3/ /
/img_6665/ /2020/09/05/abandoning-greeneye-for-sense/
/img_6668/ /2020/09/05/abandoning-greeneye-for-sense/
/img_6675/ /2020/09/05/abandoning-greeneye-for-sense/
/img_9125/ /2021/12/21/getting-carried-away-with-rgb-holiday-lights/
/img_9127/ /2021/12/21/getting-carried-away-with-rgb-holiday-lights/
/img_9255/ /2021/12/21/getting-carried-away-with-rgb-holiday-lights/
/img_9256/ /2021/12/21/getting-carried-away-with-rgb-holiday-lights/
/img_9258/ /2021/12/21/getting-carried-away-with-rgb-holiday-lights/
/img_9342/ /2021/12/21/getting-carried-away-with-rgb-holiday-lights/
/img_9343/ /2021/12/21/getting-carried-away-with-rgb-holiday-lights/
/img_9344/ /2021/12/21/getting-carried-away-with-rgb-holiday-lights/
/img_9345/ /2021/12/21/getting-carried-away-with-rgb-holiday-lights/
/img_9346/ /2021/12/21/getting-carried-away-with-rgb-holiday-lights/
/img_9347/ /2021/12/21/getting-carried-away-with-rgb-holiday-lights/
/img_9349/ /2021/12/21/getting-carried-away-with-rgb-holiday-lights/
/img_9350/ /2021/12/21/getting-carried-away-with-rgb-holiday-lights/
/img_9351/ /2021/12/21/getting-carried-away-with-rgb-holiday-lights/
/img_9352/ /2021/12/21/getting-carried-away-with-rgb-holiday-lights/
/img_9353/ /2021/12/21/getting-carried-away-with-rgb-holiday-lights/
/img_9354/ /2021/12/21/getting-carried-away-with-rgb-holiday-lights/
/img_9355/ /2021/12/21/getting-carried-away-with-rgb-holiday-lights/
/img_9356/ /2021/12/21/getting-carried-away-with-rgb-holiday-lights/
/img_9359/ /2021/12/21/getting-carried-away-with-rgb-holiday-lights/
/img_9361/ /2021/12/21/getting-carried-away-with-rgb-holiday-lights/
/img_9362/ /2021/12/21/getting-carried-away-with-rgb-holiday-lights/
/img_9363/ /2021/12/21/getting-carried-away-with-rgb-holiday-lights/
/img_9364/ /2021/12/21/getting-carried-away-with-rgb-holiday-lights/
/img_9367/ /2021/12/21/getting-carried-away-with-rgb-holiday-lights/
/img_9368/ /2021/12/21/getting-carried-away-with-rgb-holiday-lights/
/img_9371/ /
/img_9373/ /
/img_9377/ /2021/12/21/getting-carried-away-with-rgb-holiday-lights/
/jellyfish-light-arrow-500x182-1/ /
/jellyfish-lighting-ports-500x214-1/ /
/osd.xml/ /
/packet/ /2020/09/05/abandoning-greeneye-for-sense/
/robots.txt/ /robots.txt
/sce_smartmeter/ /2020/09/05/abandoning-greeneye-for-sense/
/ted-dashboard/ /2020/09/05/abandoning-greeneye-for-sense/
/ted-graphing/ /2020/09/05/abandoning-greeneye-for-sense/
/unraidubuntubaremetal/ /2020/02/02/unraid-vs-ubuntu-bare-metal-smb-performance/
